=== [Fri Sep  4 22:12:46 IST 2026] Background scraper started (PID: 71580), interval: 14400s ===
=== [Fri Sep  4 22:12:46 IST 2026] Starting scraping cycle ===
./loop-app/scraper/run_background_scraper.sh: line 46: /Users/prathamkathi/Downloads/LOOP/loop-app/scraper/venv/bin/python: Operation not permitted
=== [Fri Sep  4 22:12:46 IST 2026] Cycle finished with code 126. Next run in 14400 seconds. ===
=== [Fri Sep  4 22:14:17 IST 2026] Background scraper started (PID: 71690), interval: 14400s ===
=== [Fri Sep  4 22:14:17 IST 2026] Starting scraping cycle ===
[36m[apify.instagram-profile-scraper runId:V4Wt7LctlnEAVXkzo][0m -> Status: RUNNING, Message: Starting the crawler.
[36m[apify.instagram-profile-scraper runId:V4Wt7LctlnEAVXkzo][0m -> 2026-09-04T16:44:19.763Z [33mACTOR: [39mPulling container image of build SvFyCnqwFutGOB6mY from registry.
[36m[apify.instagram-profile-scraper runId:V4Wt7LctlnEAVXkzo][0m -> 2026-09-04T16:44:19.765Z [33mACTOR: [39mCreating container.
[36m[apify.instagram-profile-scraper runId:V4Wt7LctlnEAVXkzo][0m -> 2026-09-04T16:44:19.828Z [33mACTOR: [39mStarting container.
[36m[apify.instagram-profile-scraper runId:V4Wt7LctlnEAVXkzo][0m -> 2026-09-04T16:44:19.830Z [33mACTOR: [39mRunning under "LIMITED_PERMISSIONS".
[36m[apify.instagram-profile-scraper runId:V4Wt7LctlnEAVXkzo][0m -> 2026-09-04T16:44:20.294Z [32mINFO[39m  System info[90m {"apifyVersion":"3.6.0","apifyClientVersion":"2.22.2","crawleeVersion":"3.16.0","osType":"Linux","nodeVersion":"v24.20.0"}[39m
[36m[apify.instagram-profile-scraper runId:V4Wt7LctlnEAVXkzo][0m -> 2026-09-04T16:44:20.450Z [32mINFO[39m  [Status message]: Starting the scraper with 45 direct URL(s)
[36m[apify.instagram-profile-scraper runId:V4Wt7LctlnEAVXkzo][0m -> 2026-09-04T16:44:20.677Z [32mINFO[39m [33m CheerioCrawler:[39m Starting the crawler.
[36m[apify.instagram-profile-scraper runId:V4Wt7LctlnEAVXkzo][0m -> 2026-09-04T16:44:22.039Z [33mWARN[39m [33m CheerioCrawler:[39m Reclaiming failed request back to the list or queue. Request blocked, retrying it again with different session
[36m[apify.instagram-profile-scraper runId:V4Wt7LctlnEAVXkzo][0m -> 2026-09-04T16:44:22.041Z     at CheerioCrawler._requestFunctionErrorHandler (file:///usr/src/app/dist/index.js:1:28024)[90m {"id":"LPZT4c2YdIT25aU","url":"https://i.instagram.com/api/v1/users/web_profile_info/?username=iitdinternational","retryCount":1}[39m
[36m[apify.instagram-profile-scraper runId:V4Wt7LctlnEAVXkzo][0m -> 2026-09-04T16:44:22.128Z [33mWARN[39m [33m CheerioCrawler:[39m Reclaiming failed request back to the list or queue. Request blocked, retrying it again with different session
[36m[apify.instagram-profile-scraper runId:V4Wt7LctlnEAVXkzo][0m -> 2026-09-04T16:44:22.130Z     at CheerioCrawler._requestFunctionErrorHandler (file:///usr/src/app/dist/index.js:1:28024)[90m {"id":"YjV8NRb9E3iUyBY","url":"https://i.instagram.com/api/v1/users/web_profile_info/?username=igem_iitd","retryCount":1}[39m
[36m[apify.instagram-profile-scraper runId:V4Wt7LctlnEAVXkzo][0m -> 2026-09-04T16:44:22.191Z [33mWARN[39m [33m CheerioCrawler:[39m Reclaiming failed request back to the list or queue. Retrying after error: Page Not Found • Instagram
[36m[apify.instagram-profile-scraper runId:V4Wt7LctlnEAVXkzo][0m -> 2026-09-04T16:44:22.193Z     at preRouteErrorCheck (file:///usr/src/app/dist/index.js:38:1063793)[90m {"id":"0Q5XYKJj6MFHu8W","url":"https://i.instagram.com/api/v1/users/web_profile_info/?username=economics_club_iitd","retryCount":1}[39m
[36m[apify.instagram-profile-scraper runId:V4Wt7LctlnEAVXkzo][0m -> 2026-09-04T16:44:22.206Z [33mWARN[39m [33m CheerioCrawler:[39m Reclaiming failed request back to the list or queue. Request blocked, retrying it again with different session
[36m[apify.instagram-profile-scraper runId:V4Wt7LctlnEAVXkzo][0m -> 2026-09-04T16:44:22.208Z     at CheerioCrawler._requestFunctionErrorHandler (file:///usr/src/app/dist/index.js:1:28024)[90m {"id":"4LeL4ZKYEvcvxcN","url":"https://i.instagram.com/api/v1/users/web_profile_info/?username=nssiitd","retryCount":1}[39m
[36m[apify.instagram-profile-scraper runId:V4Wt7LctlnEAVXkzo][0m -> 2026-09-04T16:44:22.493Z [32mINFO[39m  web_profile_info returned HTTP 400, using route definition and details by id instead[90m {"username":"bsw_iitd"}[39m
[36m[apify.instagram-profile-scraper runId:V4Wt7LctlnEAVXkzo][0m -> 2026-09-04T16:44:22.585Z [32mINFO[39m  web_profile_info returned HTTP 400, using route definition and details by id instead[90m {"username":"iitdaa"}[39m
[36m[apify.instagram-profile-scraper runId:V4Wt7LctlnEAVXkzo][0m -> 2026-09-04T16:44:22.602Z [33mWARN[39m [33m CheerioCrawler:[39m Reclaiming failed request back to the list or queue. Request blocked, retrying it again with different session
[36m[apify.instagram-profile-scraper runId:V4Wt7LctlnEAVXkzo][0m -> 2026-09-04T16:44:22.604Z     at CheerioCrawler._requestFunctionErrorHandler (file:///usr/src/app/dist/index.js:1:28024)[90m {"id":"aUJHjUEKK7B92Tj","url":"https://i.instagram.com/api/v1/users/web_profile_info/?username=humans_of_bloodconnect","retryCount":1}[39m
[36m[apify.instagram-profile-scraper runId:V4Wt7LctlnEAVXkzo][0m -> 2026-09-04T16:44:22.695Z [33mWARN[39m [33m CheerioCrawler:[39m Reclaiming failed request back to the list or queue. Request blocked, retrying it again with different session
[36m[apify.instagram-profile-scraper runId:V4Wt7LctlnEAVXkzo][0m -> 2026-09-04T16:44:22.697Z     at CheerioCrawler._requestFunctionErrorHandler (file:///usr/src/app/dist/index.js:1:28024)[90m {"id":"QntR4dDdktab8ec","url":"https://i.instagram.com/api/v1/users/web_profile_info/?username=tryst.iitd","retryCount":1}[39m
[36m[apify.instagram-profile-scraper runId:V4Wt7LctlnEAVXkzo][0m -> 2026-09-04T16:44:22.706Z [32mINFO[39m  web_profile_info returned HTTP 400, using route definition and details by id instead[90m {"username":"ocs_iitd"}[39m
[36m[apify.instagram-profile-scraper runId:V4Wt7LctlnEAVXkzo][0m -> 2026-09-04T16:44:22.746Z [32mINFO[39m  web_profile_info returned HTTP 400, using route definition and details by id instead[90m {"username":"facc.azure.iitd"}[39m
[36m[apify.instagram-profile-scraper runId:V4Wt7LctlnEAVXkzo][0m -> 2026-09-04T16:44:22.779Z [32mINFO[39m  web_profile_info returned HTTP 400, using route definition and details by id instead[90m {"username":"enactus_iitd"}[39m
[36m[apify.instagram-profile-scraper runId:V4Wt7LctlnEAVXkzo][0m -> 2026-09-04T16:44:23.190Z [32mINFO[39m  web_profile_info returned HTTP 400, using route definition and details by id instead[90m {"username":"edc_iitd"}[39m
[36m[apify.instagram-profile-scraper runId:V4Wt7LctlnEAVXkzo][0m -> 2026-09-04T16:44:23.192Z [32mINFO[39m  web_profile_info returned HTTP 400, using route definition and details by id instead[90m {"username":"bhmiitd"}[39m
[36m[apify.instagram-profile-scraper runId:V4Wt7LctlnEAVXkzo][0m -> 2026-09-04T16:44:23.290Z [32mINFO[39m  web_profile_info returned HTTP 400, using route definition and details by id instead[90m {"username":"hindisamiti.iitd"}[39m
[36m[apify.instagram-profile-scraper runId:V4Wt7LctlnEAVXkzo][0m -> 2026-09-04T16:44:23.305Z [33mWARN[39m [33m CheerioCrawler:[39m Reclaiming failed request back to the list or queue. Request blocked, retrying it again with different session
[36m[apify.instagram-profile-scraper runId:V4Wt7LctlnEAVXkzo][0m -> 2026-09-04T16:44:23.307Z     at CheerioCrawler._requestFunctionErrorHandler (file:///usr/src/app/dist/index.js:1:28024)[90m {"id":"CfaaY0TQTLXEVGu","url":"https://i.instagram.com/api/v1/users/web_profile_info/?username=iitdqc","retryCount":1}[39m
[36m[apify.instagram-profile-scraper runId:V4Wt7LctlnEAVXkzo][0m -> 2026-09-04T16:44:23.589Z [32mINFO[39m  web_profile_info returned HTTP 400, using route definition and details by id instead[90m {"username":"iitdelhi"}[39m
[36m[apify.instagram-profile-scraper runId:V4Wt7LctlnEAVXkzo][0m -> 2026-09-04T16:44:23.601Z [32mINFO[39m  Resolved profile ID from route definition[90m {"username":"bsw_iitd","profileId":"13304954757"}[39m
[36m[apify.instagram-profile-scraper runId:V4Wt7LctlnEAVXkzo][0m -> 2026-09-04T16:44:23.672Z [32mINFO[39m  Resolved profile ID from route definition[90m {"username":"enactus_iitd","profileId":"74365028054"}[39m
[36m[apify.instagram-profile-scraper runId:V4Wt7LctlnEAVXkzo][0m -> 2026-09-04T16:44:23.899Z [32mINFO[39m  Resolved profile ID from route definition[90m {"username":"ocs_iitd","profileId":"54613006394"}[39m
[36m[apify.instagram-profile-scraper runId:V4Wt7LctlnEAVXkzo][0m -> 2026-09-04T16:44:23.976Z [33mWARN[39m [33m CheerioCrawler:[39m Reclaiming failed request back to the list or queue. Request blocked, retrying it again with different session
[36m[apify.instagram-profile-scraper runId:V4Wt7LctlnEAVXkzo][0m -> 2026-09-04T16:44:23.978Z     at CheerioCrawler._requestFunctionErrorHandler (file:///usr/src/app/dist/index.js:1:28024)[90m {"id":"iqhDtlZzXOFOw1e","url":"https://i.instagram.com/api/v1/users/web_profile_info/?username=kaizen.iitd","retryCount":1}[39m
[36m[apify.instagram-profile-scraper runId:V4Wt7LctlnEAVXkzo][0m -> 2026-09-04T16:44:24.060Z [32mINFO[39m  Resolved profile ID from route definition[90m {"username":"iitdaa","profileId":"8047295400"}[39m
[36m[apify.instagram-profile-scraper runId:V4Wt7LctlnEAVXkzo][0m -> 2026-09-04T16:44:24.065Z [32mINFO[39m  Resolved profile ID from route definition[90m {"username":"edc_iitd","profileId":"9000765057"}[39m
[36m[apify.instagram-profile-scraper runId:V4Wt7LctlnEAVXkzo][0m -> 2026-09-04T16:44:24.118Z [33mWARN[39m [33m CheerioCrawler:[39m Reclaiming failed request back to the list or queue. Retrying after error: Page Not Found • Instagram
[36m[apify.instagram-profile-scraper runId:V4Wt7LctlnEAVXkzo][0m -> 2026-09-04T16:44:24.120Z     at preRouteErrorCheck (file:///usr/src/app/dist/index.js:38:1063793)[90m {"id":"aYNRcifYCkIjUYt","url":"https://i.instagram.com/api/v1/users/web_profile_info/?username=aeromodelling_club_iitd","retryCount":1}[39m
[36m[apify.instagram-profile-scraper runId:V4Wt7LctlnEAVXkzo][0m -> 2026-09-04T16:44:24.375Z [32mINFO[39m  web_profile_info returned HTTP 400, using route definition and details by id instead[90m {"username":"outreach_iitd"}[39m
[36m[apify.instagram-profile-scraper runId:V4Wt7LctlnEAVXkzo][0m -> 2026-09-04T16:44:24.418Z [33mWARN[39m [33m CheerioCrawler:[39m Reclaiming failed request back to the list or queue. Request blocked, retrying it again with different session
[36m[apify.instagram-profile-scraper runId:V4Wt7LctlnEAVXkzo][0m -> 2026-09-04T16:44:24.420Z     at CheerioCrawler._requestFunctionErrorHandler (file:///usr/src/app/dist/index.js:1:28024)[90m {"id":"EmWHgP9vFNQVuwY","url":"https://i.instagram.com/api/v1/users/web_profile_info/?username=iitdonair","retryCount":1}[39m
[36m[apify.instagram-profile-scraper runId:V4Wt7LctlnEAVXkzo][0m -> 2026-09-04T16:44:24.463Z [33mWARN[39m [33m CheerioCrawler:[39m Reclaiming failed request back to the list or queue. Request blocked, retrying it again with different session
[36m[apify.instagram-profile-scraper runId:V4Wt7LctlnEAVXkzo][0m -> 2026-09-04T16:44:24.465Z     at CheerioCrawler._requestFunctionErrorHandler (file:///usr/src/app/dist/index.js:1:28024)[90m {"id":"rxqmMzQgGFQxlex","url":"https://i.instagram.com/api/v1/users/web_profile_info/?username=roboticsclub_iitd","retryCount":1}[39m
[36m[apify.instagram-profile-scraper runId:V4Wt7LctlnEAVXkzo][0m -> 2026-09-04T16:44:24.593Z [32mINFO[39m  Resolved profile ID from route definition[90m {"username":"facc.azure.iitd","profileId":"5819465999"}[39m
[36m[apify.instagram-profile-scraper runId:V4Wt7LctlnEAVXkzo][0m -> 2026-09-04T16:44:24.668Z [32mINFO[39m  web_profile_info returned HTTP 400, using route definition and details by id instead[90m {"username":"caic_iitd"}[39m
[36m[apify.instagram-profile-scraper runId:V4Wt7LctlnEAVXkzo][0m -> 2026-09-04T16:44:24.753Z [32mINFO[39m  Resolved profile ID from route definition[90m {"username":"hindisamiti.iitd","profileId":"5567796566"}[39m
[36m[apify.instagram-profile-scraper runId:V4Wt7LctlnEAVXkzo][0m -> 2026-09-04T16:44:25.029Z [32mINFO[39m  Resolved profile ID from route definition[90m {"username":"iitdelhi","profileId":"49229076860"}[39m
[36m[apify.instagram-profile-scraper runId:V4Wt7LctlnEAVXkzo][0m -> 2026-09-04T16:44:25.463Z [32mINFO[39m  Resolved profile ID from route definition[90m {"username":"bhmiitd","profileId":"42360380099"}[39m
[36m[apify.instagram-profile-scraper runId:V4Wt7LctlnEAVXkzo][0m -> 2026-09-04T16:44:25.705Z [32mINFO[39m  web_profile_info returned HTTP 400, using route definition and details by id instead[90m {"username":"rendezvous.iitd"}[39m
[36m[apify.instagram-profile-scraper runId:V4Wt7LctlnEAVXkzo][0m -> 2026-09-04T16:44:25.897Z [33mWARN[39m [33m CheerioCrawler:[39m Reclaiming failed request back to the list or queue. Request blocked, retrying it again with different session
[36m[apify.instagram-profile-scraper runId:V4Wt7LctlnEAVXkzo][0m -> 2026-09-04T16:44:25.899Z     at CheerioCrawler._requestFunctionErrorHandler (file:///usr/src/app/dist/index.js:1:28024)[90m {"id":"Sdbw2P9Brw9qwqq","url":"https://i.instagram.com/api/v1/users/web_profile_info/?username=uzyre.iitd","retryCount":1}[39m
[36m[apify.instagram-profile-scraper runId:V4Wt7LctlnEAVXkzo][0m -> 2026-09-04T16:44:26.265Z [32mINFO[39m  web_profile_info returned HTTP 400, using route definition and details by id instead[90m {"username":"sportech.iitd"}[39m
[36m[apify.instagram-profile-scraper runId:V4Wt7LctlnEAVXkzo][0m -> 2026-09-04T16:44:26.350Z [33mWARN[39m [33m CheerioCrawler:[39m Reclaiming failed request back to the list or queue. Request blocked, retrying it again with different session
[36m[apify.instagram-profile-scraper runId:V4Wt7LctlnEAVXkzo][0m -> 2026-09-04T16:44:26.354Z     at CheerioCrawler._requestFunctionErrorHandler (file:///usr/src/app/dist/index.js:1:28024)[90m {"id":"QntR4dDdktab8ec","url":"https://i.instagram.com/api/v1/users/web_profile_info/?username=tryst.iitd","retryCount":2}[39m
[36m[apify.instagram-profile-scraper runId:V4Wt7LctlnEAVXkzo][0m -> 2026-09-04T16:44:26.677Z [32mINFO[39m  Resolved profile ID from route definition[90m {"username":"rendezvous.iitd","profileId":"3229949641"}[39m
[36m[apify.instagram-profile-scraper runId:V4Wt7LctlnEAVXkzo][0m -> 2026-09-04T16:44:26.721Z [32mINFO[39m  Resolved profile ID from route definition[90m {"username":"outreach_iitd","profileId":"60548904884"}[39m
[36m[apify.instagram-profile-scraper runId:V4Wt7LctlnEAVXkzo][0m -> 2026-09-04T16:44:26.735Z [33mWARN[39m [33m CheerioCrawler:[39m Reclaiming failed request back to the list or queue. Request blocked, retrying it again with different session
[36m[apify.instagram-profile-scraper runId:V4Wt7LctlnEAVXkzo][0m -> 2026-09-04T16:44:26.736Z     at CheerioCrawler._requestFunctionErrorHandler (file:///usr/src/app/dist/index.js:1:28024)[90m {"id":"4LeL4ZKYEvcvxcN","url":"https://i.instagram.com/api/v1/users/web_profile_info/?username=nssiitd","retryCount":2}[39m
[36m[apify.instagram-profile-scraper runId:V4Wt7LctlnEAVXkzo][0m -> 2026-09-04T16:44:27.056Z [32mINFO[39m  Resolved profile ID from route definition[90m {"username":"caic_iitd","profileId":"54295372385"}[39m
[36m[apify.instagram-profile-scraper runId:V4Wt7LctlnEAVXkzo][0m -> 2026-09-04T16:44:27.204Z [33mWARN[39m [33m CheerioCrawler:[39m Reclaiming failed request back to the list or queue. Request blocked, retrying it again with different session
[36m[apify.instagram-profile-scraper runId:V4Wt7LctlnEAVXkzo][0m -> 2026-09-04T16:44:27.206Z     at CheerioCrawler._requestFunctionErrorHandler (file:///usr/src/app/dist/index.js:1:28024)[90m {"id":"63BjvjxYD0eR86c","url":"https://i.instagram.com/api/v1/users/web_profile_info/?username=speranza.iitd","retryCount":1}[39m
[36m[apify.instagram-profile-scraper runId:V4Wt7LctlnEAVXkzo][0m -> 2026-09-04T16:44:27.225Z [33mWARN[39m  Page Not Found • Instagram[90m {"inputUrl":"https://www.instagram.com/economics_club_iitd"}[39m
[36m[apify.instagram-profile-scraper runId:V4Wt7LctlnEAVXkzo][0m -> 2026-09-04T16:44:27.600Z [32mINFO[39m  Resolved profile ID from route definition[90m {"username":"sportech.iitd","profileId":"4252025934"}[39m
[36m[apify.instagram-profile-scraper runId:V4Wt7LctlnEAVXkzo][0m -> 2026-09-04T16:44:27.730Z [33mWARN[39m  Page Not Found • Instagram[90m {"inputUrl":"https://www.instagram.com/aeromodelling_club_iitd"}[39m
[36m[apify.instagram-profile-scraper runId:V4Wt7LctlnEAVXkzo][0m -> 2026-09-04T16:44:28.880Z [33mWARN[39m [33m CheerioCrawler:[39m Reclaiming failed request back to the list or queue. Request blocked, retrying it again with different session
[36m[apify.instagram-profile-scraper runId:V4Wt7LctlnEAVXkzo][0m -> 2026-09-04T16:44:28.882Z     at CheerioCrawler._requestFunctionErrorHandler (file:///usr/src/app/dist/index.js:1:28024)[90m {"id":"rxqmMzQgGFQxlex","url":"https://i.instagram.com/api/v1/users/web_profile_info/?username=roboticsclub_iitd","retryCount":2}[39m
[36m[apify.instagram-profile-scraper runId:V4Wt7LctlnEAVXkzo][0m -> Status: RUNNING, Message: Crawled 37/45 pages, 0 failed requests, desired concurrency 32.
[36m[apify.instagram-profile-scraper runId:V4Wt7LctlnEAVXkzo][0m -> 2026-09-04T16:44:29.491Z [32mINFO[39m  web_profile_info returned HTTP 400, using route definition and details by id instead[90m {"username":"kaizen.iitd"}[39m
[36m[apify.instagram-profile-scraper runId:V4Wt7LctlnEAVXkzo][0m -> 2026-09-04T16:44:31.203Z [32mINFO[39m  Resolved profile ID from route definition[90m {"username":"kaizen.iitd","profileId":"56357290184"}[39m
[36m[apify.instagram-profile-scraper runId:V4Wt7LctlnEAVXkzo][0m -> 2026-09-04T16:44:32.719Z [33mWARN[39m [33m CheerioCrawler:[39m Reclaiming failed request back to the list or queue. Request blocked, retrying it again with different session
[36m[apify.instagram-profile-scraper runId:V4Wt7LctlnEAVXkzo][0m -> 2026-09-04T16:44:32.720Z     at CheerioCrawler._requestFunctionErrorHandler (file:///usr/src/app/dist/index.js:1:28024)[90m {"id":"63BjvjxYD0eR86c","url":"https://i.instagram.com/api/v1/users/web_profile_info/?username=speranza.iitd","retryCount":2}[39m
[36m[apify.instagram-profile-scraper runId:V4Wt7LctlnEAVXkzo][0m -> 2026-09-04T16:44:33.264Z [32mINFO[39m  web_profile_info returned HTTP 400, using route definition and details by id instead[90m {"username":"tryst.iitd"}[39m
[36m[apify.instagram-profile-scraper runId:V4Wt7LctlnEAVXkzo][0m -> 2026-09-04T16:44:34.308Z [32mINFO[39m  Resolved profile ID from route definition[90m {"username":"tryst.iitd","profileId":"4031458074"}[39m
[36m[apify.instagram-profile-scraper runId:V4Wt7LctlnEAVXkzo][0m -> 2026-09-04T16:44:34.505Z [33mWARN[39m  Page Not Found • Instagram[90m {"inputUrl":"https://www.instagram.com/roboticsclub_iitd"}[39m
[36m[apify.instagram-profile-scraper runId:V4Wt7LctlnEAVXkzo][0m -> 2026-09-04T16:44:38.013Z [32mINFO[39m  web_profile_info returned HTTP 400, using route definition and details by id instead[90m {"username":"speranza.iitd"}[39m
[36m[apify.instagram-profile-scraper runId:V4Wt7LctlnEAVXkzo][0m -> 2026-09-04T16:44:38.472Z [32mINFO[39m  Resolved profile ID from route definition[90m {"username":"speranza.iitd","profileId":"46006973666"}[39m
[36m[apify.instagram-profile-scraper runId:V4Wt7LctlnEAVXkzo][0m -> 2026-09-04T16:44:39.957Z [32mINFO[39m [33m CheerioCrawler:[39m All requests from the queue have been processed, the crawler will shut down.
[36m[apify.instagram-profile-scraper runId:V4Wt7LctlnEAVXkzo][0m -> 2026-09-04T16:44:40.090Z [32mINFO[39m [33m CheerioCrawler:[39m Final request statistics:[90m {"requestsFinished":45,"requestsFailed":0,"retryHistogram":[32,9,4],"requestAvgFailedDurationMillis":null,"requestAvgFinishedDurationMillis":4528,"requestsFinishedPerMinute":138,"requestsFailedPerMinute":0,"requestTotalDurationMillis":203775,"requestsTotal":45,"crawlerRuntimeMillis":19604}[39m
[36m[apify.instagram-profile-scraper runId:V4Wt7LctlnEAVXkzo][0m -> 2026-09-04T16:44:40.092Z [32mINFO[39m [33m CheerioCrawler:[39m Finished! Total 45 requests: 45 succeeded, 0 failed.[90m {"terminal":true}[39m
[36m[apify.instagram-profile-scraper runId:V4Wt7LctlnEAVXkzo][0m -> 2026-09-04T16:44:40.094Z [32mINFO[39m  [Status message]: Scraper finished
[36m[apify.instagram-profile-scraper runId:V4Wt7LctlnEAVXkzo][0m -> Status: SUCCEEDED, Message: Crawled 37/45 pages, 0 failed requests, desired concurrency 32.
